<h1>Good Morning Everyone</h1>

<p>This is a description of my first post</p>

Tags: <ul><li>go</li><li>tdd</li><li>yay</li></ul>
